cc: tp1 started pid 1359422
cc: rdb1 started pid 1359427
cc: hdb1 started pid 1359432
cc: hdb2 started pid 1359437
cc: hdb3 started pid 1359442
cc: hdb4 started pid 1359447
cc: hdb5 started pid 1359452
cc: feed1 started pid 1359457
cc: lvc1 started pid 1359462
cc: sgw started pid 1359467
cc: cep1 started pid 1359472
'2026.08.13T16:37:28.749 conn
'2026.08.13T16:37:39.291 conn
'2026.08.13T16:38:09.764 conn
'2026.08.13T16:39:10.211 conn
'2026.08.13T16:41:11.607 conn
'2026.08.13T16:41:32.519 conn
'2026.08.13T16:41:33.519 conn
'2026.08.13T16:41:34.518 conn
'2026.08.13T16:41:35.519 conn
'2026.08.13T16:41:36.519 conn
'2026.08.13T16:41:37.519 conn
'2026.08.13T16:41:38.520 conn
'2026.08.13T16:41:39.519 conn
'2026.08.13T16:41:40.519 conn
'2026.08.13T16:41:41.519 conn
'2026.08.13T16:41:42.519 conn
'2026.08.13T16:41:43.519 conn
'2026.08.13T16:41:44.518 conn
'2026.08.13T16:41:44.532 conn
'2026.08.13T16:41:45.519 conn
'2026.08.13T16:41:46.519 conn
'2026.08.13T16:41:47.520 conn
'2026.08.13T16:41:49.519 conn
'2026.08.13T16:41:54.519 conn
'2026.08.13T16:41:59.519 conn
'2026.08.13T16:42:04.519 conn
'2026.08.13T16:42:09.519 conn
'2026.08.13T16:42:14.519 conn
'2026.08.13T16:42:19.520 conn
'2026.08.13T16:42:24.519 conn
'2026.08.13T16:42:29.519 conn
'2026.08.13T16:42:34.519 conn
'2026.08.13T16:42:39.518 conn
'2026.08.13T16:42:44.519 conn
'2026.08.13T16:42:49.519 conn
'2026.08.13T16:42:54.519 conn
'2026.08.13T16:42:59.519 conn
'2026.08.13T16:43:04.519 conn
'2026.08.13T16:43:09.519 conn
'2026.08.13T16:43:14.519 conn
'2026.08.13T16:43:19.519 conn
'2026.08.13T16:43:24.519 conn
'2026.08.13T16:43:29.519 conn
'2026.08.13T16:43:34.519 conn
'2026.08.13T16:43:39.519 conn
'2026.08.13T16:43:44.519 conn
'2026.08.13T16:43:49.519 conn
'2026.08.13T16:43:54.519 conn
'2026.08.13T16:43:59.519 conn
'2026.08.13T16:44:04.519 conn
'2026.08.13T16:44:09.519 conn
'2026.08.13T16:44:14.519 conn
